src/main/services/ConfigStore.ts(69,18): error TS2339: Property 'store' does not exist on type 'ElectronStore<StoreSchema>'.
src/main/services/ConfigStore.ts(73,11): error TS2339: Property 'set' does not exist on type 'ElectronStore<StoreSchema>'.
src/main/services/ConfigStore.ts(78,18): error TS2339: Property 'store' does not exist on type 'ElectronStore<StoreSchema>'.
src/main/services/ConfigStore.ts(82,11): error TS2339: Property 'set' does not exist on type 'ElectronStore<StoreSchema>'.
src/main/services/ConfigStore.ts(83,11): error TS2339: Property 'set' does not exist on type 'ElectronStore<StoreSchema>'.
src/main/services/ConfigStore.ts(84,11): error TS2339: Property 'set' does not exist on type 'ElectronStore<StoreSchema>'.
src/main/services/ConfigStore.ts(88,11): error TS2339: Property 'set' does not exist on type 'ElectronStore<StoreSchema>'.
src/main/services/ConfigStore.ts(89,11): error TS2339: Property 'set' does not exist on type 'ElectronStore<StoreSchema>'.
src/main/services/ConfigStore.ts(90,11): error TS2339: Property 'set' does not exist on type 'ElectronStore<StoreSchema>'.
src/main/services/ConfigStore.ts(94,18): error TS2339: Property 'store' does not exist on type 'ElectronStore<StoreSchema>'.
src/main/services/ConfigStore.ts(99,26): error TS2339: Property 'store' does not exist on type 'ElectronStore<StoreSchema>'.
src/main/services/ConfigStore.ts(107,31): error TS2339: Property 'store' does not exist on type 'ElectronStore<StoreSchema>'.
src/main/services/ConfigStore.ts(109,11): error TS2339: Property 'set' does not exist on type 'ElectronStore<StoreSchema>'.
src/main/services/ConfigStore.ts(114,28): error TS2339: Property 'store' does not exist on type 'ElectronStore<StoreSchema>'.
src/main/services/ConfigStore.ts(119,33): error TS2339: Property 'store' does not exist on type 'ElectronStore<StoreSchema>'.
src/main/services/ConfigStore.ts(121,11): error TS2339: Property 'set' does not exist on type 'ElectronStore<StoreSchema>'.
src/main/services/ConfigStore.ts(126,11): error TS2339: Property 'clear' does not exist on type 'ElectronStore<StoreSchema>'.
